
> hiro@0.1.0 build
> npx --yes prisma@6.19.0 generate && next build

Prisma schema loaded from prisma\schema.prisma

✔ Generated Prisma Client (v6.19.0) to .\node_modules\@prisma\client in 195ms

Start by importing your Prisma Client (See: https://pris.ly/d/importing-client)

Tip: Want to turn off tips and other hints? https://pris.ly/tip-4-nohints

   ▲ Next.js 16.0.1 (Turbopack)
   - Environments: .env.local

 ⚠ The "middleware" file convention is deprecated. Please use "proxy" instead. Learn more: https://nextjs.org/docs/messages/middleware-to-proxy
   Creating an optimized production build ...
 ✓ Compiled successfully in 5.0s
   Running TypeScript ...
   Collecting page data ...
[NVIDIA] Model Configuration:
  Model: openai/gpt-oss-20b
  BaseURL: https://integrate.api.nvidia.com/v1
[NVIDIA] Model Configuration:
  Model: openai/gpt-oss-20b
  BaseURL: https://integrate.api.nvidia.com/v1
[NVIDIA] Model Configuration:
  Model: openai/gpt-oss-20b
  BaseURL: https://integrate.api.nvidia.com/v1
[NVIDIA] Model Configuration:
  Model: openai/gpt-oss-20b
  BaseURL: https://integrate.api.nvidia.com/v1
[NVIDIA] Model Configuration:
  Model: openai/gpt-oss-20b
[NVIDIA] Model Configuration:
  Model: openai/gpt-oss-20b
  BaseURL: https://integrate.api.nvidia.com/v1
  BaseURL: https://integrate.api.nvidia.com/v1
[NVIDIA] Model Configuration:
  Model: openai/gpt-oss-20b
  BaseURL: https://integrate.api.nvidia.com/v1
[NVIDIA] Model Configuration:
  Model: openai/gpt-oss-20b
  BaseURL: https://integrate.api.nvidia.com/v1
[NVIDIA] Model Configuration:
  Model: openai/gpt-oss-20b
  BaseURL: https://integrate.api.nvidia.com/v1
   Generating static pages (0/77) ...
[NVIDIA] Model Configuration:
  Model: openai/gpt-oss-20b
  BaseURL: https://integrate.api.nvidia.com/v1
   Generating static pages (19/77) 
[NVIDIA] Model Configuration:
  Model: openai/gpt-oss-20b
  BaseURL: https://integrate.api.nvidia.com/v1
   Generating static pages (38/77) 
(node:24260) Warning: `--localstorage-file` was provided without a valid path
(Use `node --trace-warnings ...` to show where the warning was created)
(node:6728) Warning: `--localstorage-file` was provided without a valid path
(Use `node --trace-warnings ...` to show where the warning was created)
(node:5448) Warning: `--localstorage-file` was provided without a valid path
(Use `node --trace-warnings ...` to show where the warning was created)
   Generating static pages (57/77) 
Error in DeveloperSettingsPage: Error: Dynamic server usage: Route /settings/developer couldn't be rendered statically because it used `cookies`. See more info here: https://nextjs.org/docs/messages/dynamic-server-error
    at ch (C:\Users\bigcl\Downloads\HIRO V1.2\.next\server\chunks\ssr\_259f84f3._.js:34:47405)
    at cj (C:\Users\bigcl\Downloads\HIRO V1.2\.next\server\chunks\ssr\_259f84f3._.js:38:5449)
    at ck (C:\Users\bigcl\Downloads\HIRO V1.2\.next\server\chunks\ssr\_259f84f3._.js:38:6510)
    at cl (C:\Users\bigcl\Downloads\HIRO V1.2\.next\server\chunks\ssr\_259f84f3._.js:38:6663)
    at f (C:\Users\bigcl\Downloads\HIRO V1.2\.next\server\chunks\ssr\[root-of-the-server]__2ea2d00b._.js:1:1477) {
  description: "Route /settings/developer couldn't be rendered statically because it used `cookies`. See more info here: https://nextjs.org/docs/messages/dynamic-server-error",
  digest: 'DYNAMIC_SERVER_USAGE'
}
 ✓ Generating static pages (77/77) in 842.1ms
   Finalizing page optimization ...

Route (app)
┌ ○ /
├ ○ /_not-found
├ ƒ /ai-automations
├ ƒ /api/ai-automations
├ ƒ /api/ai-automations/[id]
├ ƒ /api/ai-automations/[id]/executions
├ ƒ /api/ai-automations/execute
├ ƒ /api/api-keys
├ ƒ /api/api-keys/[id]
├ ƒ /api/api-keys/readonly
├ ƒ /api/auth/check-profile
├ ƒ /api/auth/check-session
├ ƒ /api/auth/register-profile
├ ƒ /api/auth/simple-login
├ ƒ /api/campaigns
├ ƒ /api/campaigns/[id]
├ ƒ /api/campaigns/[id]/cancel
├ ƒ /api/campaigns/[id]/failed-messages
├ ƒ /api/campaigns/[id]/mark-complete
├ ƒ /api/campaigns/[id]/resend
├ ƒ /api/campaigns/[id]/resend-failed
├ ƒ /api/campaigns/[id]/send
├ ƒ /api/campaigns/[id]/send-now
├ ƒ /api/campaigns/[id]/stop
├ ƒ /api/campaigns/preview-contacts
├ ƒ /api/contacts
├ ƒ /api/contacts/[id]
├ ƒ /api/contacts/[id]/messages
├ ƒ /api/contacts/[id]/move
├ ƒ /api/contacts/[id]/tags
├ ƒ /api/contacts/analyze-all
├ ƒ /api/contacts/bulk
├ ƒ /api/contacts/fix-zero-scores
├ ƒ /api/contacts/ids
├ ƒ /api/contacts/total-count
├ ƒ /api/cron/ai-automations
├ ƒ /api/cron/api-keys
├ ƒ /api/cron/send-scheduled
├ ƒ /api/cron/teams
├ ƒ /api/debug/facebook-config
├ ƒ /api/debug/oauth-urls
├ ƒ /api/developer/page-access
├ ƒ /api/developer/page-access/[pagePath]
├ ƒ /api/developer/page-access/check
├ ƒ /api/facebook/analyze-pipeline
├ ƒ /api/facebook/auth
├ ƒ /api/facebook/callback
├ ƒ /api/facebook/callback-popup
├ ƒ /api/facebook/cleanup-duplicate
├ ƒ /api/facebook/debug
├ ƒ /api/facebook/fast-sync
├ ƒ /api/facebook/oauth
├ ƒ /api/facebook/pages
├ ƒ /api/facebook/pages/[pageId]
├ ƒ /api/facebook/pages/[pageId]/contacts-count
├ ƒ /api/facebook/pages/[pageId]/latest-sync
├ ƒ /api/facebook/pages/connected
├ ƒ /api/facebook/sync
├ ƒ /api/facebook/sync-background
├ ƒ /api/facebook/sync-cancel
├ ƒ /api/facebook/sync-status/[jobId]
├ ƒ /api/facebook/test-save
├ ƒ /api/health
├ ƒ /api/pipelines
├ ƒ /api/pipelines/[id]
├ ƒ /api/pipelines/[id]/analyze-stages
├ ƒ /api/pipelines/[id]/reassign-all
├ ƒ /api/pipelines/[id]/stages
├ ƒ /api/pipelines/[id]/stages/bulk-delete
├ ƒ /api/pipelines/[id]/stages/update-ranges
├ ƒ /api/pipelines/analyze-all
├ ƒ /api/pipelines/bulk-delete
├ ƒ /api/pipelines/stages/[stageId]/contacts
├ ƒ /api/pipelines/stages/[stageId]/contacts/bulk-move
├ ƒ /api/pipelines/stages/[stageId]/contacts/bulk-remove
├ ƒ /api/pipelines/stages/[stageId]/contacts/bulk-tag
├ ƒ /api/tags
├ ƒ /api/tags/[id]
├ ƒ /api/teams
├ ƒ /api/teams/[id]
├ ƒ /api/teams/[id]/activities
├ ƒ /api/teams/[id]/activities/export
├ ƒ /api/teams/[id]/broadcasts
├ ƒ /api/teams/[id]/join-code
├ ƒ /api/teams/[id]/join-requests
├ ƒ /api/teams/[id]/join-requests/[requestId]/approve
├ ƒ /api/teams/[id]/join-requests/[requestId]/reject
├ ƒ /api/teams/[id]/members
├ ƒ /api/teams/[id]/members/[memberId]
├ ƒ /api/teams/[id]/members/[memberId]/nickname
├ ƒ /api/teams/[id]/members/[memberId]/permissions
├ ƒ /api/teams/[id]/members/autocomplete
├ ƒ /api/teams/[id]/members/bulk-delete
├ ƒ /api/teams/[id]/members/bulk-update
├ ƒ /api/teams/[id]/messages
├ ƒ /api/teams/[id]/messages/[messageId]
├ ƒ /api/teams/[id]/messages/[messageId]/mention
├ ƒ /api/teams/[id]/messages/[messageId]/pin
├ ƒ /api/teams/[id]/messages/[messageId]/reactions
├ ƒ /api/teams/[id]/messages/[messageId]/remove-reaction
├ ƒ /api/teams/[id]/messages/direct-notify
├ ƒ /api/teams/[id]/messages/pinned
├ ƒ /api/teams/[id]/messages/search
├ ƒ /api/teams/[id]/notifications
├ ƒ /api/teams/[id]/notifications/[notificationId]/read
├ ƒ /api/teams/[id]/notifications/mark-all-read
├ ƒ /api/teams/[id]/notifications/unread-count
├ ƒ /api/teams/[id]/permissions
├ ƒ /api/teams/[id]/tasks
├ ƒ /api/teams/[id]/tasks/[taskId]
├ ƒ /api/teams/[id]/threads
├ ƒ /api/teams/[id]/threads/[threadId]
├ ƒ /api/teams/[id]/threads/[threadId]/delete
├ ƒ /api/teams/join
├ ƒ /api/teams/switch
├ ƒ /api/templates
├ ƒ /api/templates/[id]
├ ƒ /api/templates/bulk-delete
├ ƒ /api/test-encryption
├ ƒ /api/test-env
├ ƒ /api/test-realtime
├ ƒ /api/user/email
├ ƒ /api/user/password
├ ƒ /api/user/password-hint
├ ƒ /api/user/profile
├ ƒ /api/user/upload-image
├ ƒ /api/webhooks/facebook
├ ƒ /campaigns
├ ƒ /campaigns/[id]
├ ƒ /campaigns/new
├ ƒ /campaigns/scheduled
├ ƒ /contacts
├ ƒ /contacts/[id]
├ ƒ /dashboard
├ ƒ /debug-session
├ ƒ /facebook-pages/[id]/settings
├ ○ /login
├ ƒ /pipelines
├ ƒ /pipelines/[id]
├ ƒ /pipelines/new
├ ○ /register
├ ƒ /settings
├ ƒ /settings/api-keys
├ ƒ /settings/developer
├ ƒ /settings/integrations
├ ƒ /settings/profile
├ ƒ /tags
├ ƒ /team
├ ƒ /templates
└ ƒ /under-development


ƒ Proxy (Middleware)

○  (Static)   prerendered as static content
ƒ  (Dynamic)  server-rendered on demand

